[3 4 5 6]
[3 5]
[3 6]
[3]
[3 4 5 6]
[3 5]
[3 6]
[3]