[[5 6 7] [6 7 8] [7 8 9]]
[[7 8] [8 9]][[5 6 7] [6 42 42] [7 42 42]]