[[1 2] [3 4]][[4 3] [2 1]][[5 5] [5 5]][[-3 -1] [1 3]][[4 6] [6 4]][[0 0] [1 4]][[1 2] [3 4]][[-1 -2] [-3 -4]][[F T F] [T F T]]FTTF[[F F T] [F T F]][[F F F] [F T T]][[8 7] [5 4]][[1 2 3] [14 13 6] [12 11 9]][[T T] [T F]][[F T] [T F]][[T F] [F F]][[T T] [F F]][[T T] [F F]][[F F] [T T]][[F F] [T T]][[4 9] [8 1]][[0 1] [2 1]][[17 20 23 26] [37 44 51 58] [57 68 79 90] [77 92 107 122] [97 116 135 154]]