[[1]]
[[T]]
[[a]]
[[4.2069]]
[[2]]
[[F]]
[[b]]
[[3.6]]