lorem
ipsum is
stupid
i said "line break"
you See?