[2 4 6 8]
[2 4 6 8]
[2 3 4 5]
[2 3 4 5]
[2 4 6 8]
[2 4 6 8]
[2 3 4 5]
[2 3 4 5]
[2 4 6 8]
[2 4 6 8]
[2 3 4 5]
[2 3 4 5]