12345
TFT
abcd
1.02.03.04.05.0
1234
TFT
abc
1.02.03.04.0
1.02.03.04.05.0
1.02.03.04.05.0