[1 4 9 16]
[1 4 9 16]
[2 4 6 8]
[2 4 6 8]
[1.0 4.0 9.0 16.0]
[1.0 4.0 9.0 16.0]
[2.0 4.0 6.0 8.0]
[2.0 4.0 6.0 8.0]
[1.0 4.0 9.0 16.0]
[1.0 4.0 9.0 16.0]
[2.0 4.0 6.0 8.0]
[2.0 4.0 6.0 8.0]